
Matus@Rip MINGW64 ~/Work/edamOntology/pokk
$ touch README.md

Matus@Rip MINGW64 ~/Work/edamOntology/pokk
$ ls
README.md

Matus@Rip MINGW64 ~/Work/edamOntology/pokk
$ git init
Initialized empty Git repository in C:/Users/Matus/Work/edamOntology/pokk/.git/

Matus@Rip MINGW64 ~/Work/edamOntology/pokk (master)
$ git add README.md

Matus@Rip MINGW64 ~/Work/edamOntology/pokk (master)
$ got status
bash: got: command not found

Matus@Rip MINGW64 ~/Work/edamOntology/pokk (master)
$ git status
On branch master

Initial commit

Changes to be committed:
  (use "git rm --cached <file>..." to unstage)

        new file:   README.md


Matus@Rip MINGW64 ~/Work/edamOntology/pokk (master)
$ git commit -m "Add README locally"
[master (root-commit) d3b046a] Add README locally
 1 file changed, 3 insertions(+)
 create mode 100644 README.md

Matus@Rip MINGW64 ~/Work/edamOntology/pokk (master)
$ git remote add origin https://github.com/matuskalas/pokk.git

Matus@Rip MINGW64 ~/Work/edamOntology/pokk (master)
$ git push origin master
To https://github.com/matuskalas/pokk.git
 ! [rejected]        master -> master (fetch first)
error: failed to push some refs to 'https://github.com/matuskalas/pokk.git'
hint: Updates were rejected because the remote contains work that you do
hint: not have locally. This is usually caused by another repository pushing
hint: to the same ref. You may want to first integrate the remote changes
hint: (e.g., 'git pull ...') before pushing again.
hint: See the 'Note about fast-forwards' in 'git push --help' for details.

Matus@Rip MINGW64 ~/Work/edamOntology/pokk (master)
$ git pull
warning: no common commits
remote: Enumerating objects: 6, done.
remote: Counting objects: 100% (6/6), done.
remote: Compressing objects: 100% (2/2), done.
remote: Total 6 (delta 0), reused 0 (delta 0), pack-reused 0
Unpacking objects: 100% (6/6), done.
From https://github.com/matuskalas/pokk
 * [new branch]      master     -> origin/master
There is no tracking information for the current branch.
Please specify which branch you want to merge with.
See git-pull(1) for details.

    git pull <remote> <branch>

If you wish to set tracking information for this branch you can do so with:

    git branch --set-upstream-to=origin/<branch> master


Matus@Rip MINGW64 ~/Work/edamOntology/pokk (master)
$
