
Matus@Rip MINGW64 ~/Work/edamOntology/pokk
$ touch README.md

Matus@Rip MINGW64 ~/Work/edamOntology/pokk
$ ls
README.md

Matus@Rip MINGW64 ~/Work/edamOntology/pokk
$ git init
Initialized empty Git repository in C:/Users/Matus/Work/edamOntology/pokk/.git/

Matus@Rip MINGW64 ~/Work/edamOntology/pokk (master)
$ git add README.md

Matus@Rip MINGW64 ~/Work/edamOntology/pokk (master)
$ got status
bash: got: command not found

Matus@Rip MINGW64 ~/Work/edamOntology/pokk (master)
$ git status
On branch master

Initial commit

Changes to be committed:
  (use "git rm --cached <file>..." to unstage)

        new file:   README.md


Matus@Rip MINGW64 ~/Work/edamOntology/pokk (master)
$ git commit -m "Add README locally"
[master (root-commit) d3b046a] Add README locally
 1 file changed, 3 insertions(+)
 create mode 100644 README.md

Matus@Rip MINGW64 ~/Work/edamOntology/pokk (master)
$ git remote add origin https://github.com/matuskalas/pokk.git

Matus@Rip MINGW64 ~/Work/edamOntology/pokk (master)
$ git push origin master
To https://github.com/matuskalas/pokk.git
 ! [rejected]        master -> master (fetch first)
error: failed to push some refs to 'https://github.com/matuskalas/pokk.git'
hint: Updates were rejected because the remote contains work that you do
hint: not have locally. This is usually caused by another repository pushing
hint: to the same ref. You may want to first integrate the remote changes
hint: (e.g., 'git pull ...') before pushing again.
hint: See the 'Note about fast-forwards' in 'git push --help' for details.

Matus@Rip MINGW64 ~/Work/edamOntology/pokk (master)
$ git pull
warning: no common commits
remote: Enumerating objects: 6, done.
remote: Counting objects: 100% (6/6), done.
remote: Compressing objects: 100% (2/2), done.
remote: Total 6 (delta 0), reused 0 (delta 0), pack-reused 0
Unpacking objects: 100% (6/6), done.
From https://github.com/matuskalas/pokk
 * [new branch]      master     -> origin/master
There is no tracking information for the current branch.
Please specify which branch you want to merge with.
See git-pull(1) for details.

    git pull <remote> <branch>

If you wish to set tracking information for this branch you can do so with:

    git branch --set-upstream-to=origin/<branch> master


Matus@Rip MINGW64 ~/Work/edamOntology/pokk (master)
$ git push origin master
To https://github.com/matuskalas/pokk.git
 ! [rejected]        master -> master (fetch first)
error: failed to push some refs to 'https://github.com/matuskalas/pokk.git'
hint: Updates were rejected because the remote contains work that you do
hint: not have locally. This is usually caused by another repository pushing
hint: to the same ref. You may want to first integrate the remote changes
hint: (e.g., 'git pull ...') before pushing again.
hint: See the 'Note about fast-forwards' in 'git push --help' for details.

Matus@Rip MINGW64 ~/Work/edamOntology/pokk (master)
$ git pull
remote: Enumerating objects: 3, done.
remote: Counting objects: 100% (3/3), done.
remote: Total 2 (delta 0), reused 0 (delta 0), pack-reused 0
Unpacking objects: 100% (2/2), done.
From https://github.com/matuskalas/pokk
   7dff8ba..dea5591  master     -> origin/master
There is no tracking information for the current branch.
Please specify which branch you want to merge with.
See git-pull(1) for details.

    git pull <remote> <branch>

If you wish to set tracking information for this branch you can do so with:

    git branch --set-upstream-to=origin/<branch> master


Matus@Rip MINGW64 ~/Work/edamOntology/pokk (master)
$ git push origin master
To https://github.com/matuskalas/pokk.git
 ! [rejected]        master -> master (non-fast-forward)
error: failed to push some refs to 'https://github.com/matuskalas/pokk.git'
hint: Updates were rejected because the tip of your current branch is behind
hint: its remote counterpart. Integrate the remote changes (e.g.
hint: 'git pull ...') before pushing again.
hint: See the 'Note about fast-forwards' in 'git push --help' for details.

Matus@Rip MINGW64 ~/Work/edamOntology/pokk (master)
$ git push
fatal: The current branch master has no upstream branch.
To push the current branch and set the remote as upstream, use

    git push --set-upstream origin master


Matus@Rip MINGW64 ~/Work/edamOntology/pokk (master)
$ ^C

Matus@Rip MINGW64 ~/Work/edamOntology/pokk (master)
$ git push --set-upstream origin master

To https://github.com/matuskalas/pokk.git
 ! [rejected]        master -> master (non-fast-forward)
error: failed to push some refs to 'https://github.com/matuskalas/pokk.git'
hint: Updates were rejected because the tip of your current branch is behind
hint: its remote counterpart. Integrate the remote changes (e.g.
hint: 'git pull ...') before pushing again.
hint: See the 'Note about fast-forwards' in 'git push --help' for details.

Matus@Rip MINGW64 ~/Work/edamOntology/pokk (master)
$

Matus@Rip MINGW64 ~/Work/edamOntology/pokk (master)
$ git fetch

Matus@Rip MINGW64 ~/Work/edamOntology/pokk (master)
$ git pull
There is no tracking information for the current branch.
Please specify which branch you want to merge with.
See git-pull(1) for details.

    git pull <remote> <branch>

If you wish to set tracking information for this branch you can do so with:

    git branch --set-upstream-to=origin/<branch> master


Matus@Rip MINGW64 ~/Work/edamOntology/pokk (master)
$ ^C

Matus@Rip MINGW64 ~/Work/edamOntology/pokk (master)
$ git branch --set-upstream-to=origin/<branch> master
bash: branch: No such file or directory

Matus@Rip MINGW64 ~/Work/edamOntology/pokk (master)
$ git branch --set-upstream-to=origin/<branch> master
bash: branch: No such file or directory

Matus@Rip MINGW64 ~/Work/edamOntology/pokk (master)
$ git branch --set-upstream-to=origin/master master
Branch master set up to track remote branch master from origin.

Matus@Rip MINGW64 ~/Work/edamOntology/pokk (master)
$ git pull
Already up-to-date!
C:\Program Files (x86)\Notepad++\notepad++.exe: -c: line 0: syntax error near unexpected token `('
C:\Program Files (x86)\Notepad++\notepad++.exe: -c: line 0: `C:\Program Files (x86)\Notepad++\notepad++.exe "$@"'
error: There was a problem with the editor 'C:\Program Files (x86)\Notepad++\notepad++.exe'.
Not committing merge; use 'git commit' to complete the merge.

Matus@Rip MINGW64 ~/Work/edamOntology/pokk (master|MERGING)
$ git status
On branch master
Your branch and 'origin/master' have diverged,
and have 1 and 3 different commits each, respectively.
  (use "git pull" to merge the remote branch into yours)
All conflicts fixed but you are still merging.
  (use "git commit" to conclude merge)

Untracked files:
  (use "git add <file>..." to include in what will be committed)

        pok unsuccess merge 2 independetly created repos.txt

nothing added to commit but untracked files present (use "git add" to track)

Matus@Rip MINGW64 ~/Work/edamOntology/pokk (master|MERGING)
$ git commit -m "conclude merge manually"
[master 4a66454] conclude merge manually

Matus@Rip MINGW64 ~/Work/edamOntology/pokk (master)
$ git push origin
Counting objects: 4, done.
Delta compression using up to 4 threads.
Compressing objects: 100% (2/2), done.
Writing objects: 100% (4/4), 361 bytes | 0 bytes/s, done.
Total 4 (delta 1), reused 0 (delta 0)
remote: Resolving deltas: 100% (1/1), done.
To https://github.com/matuskalas/pokk.git
   dea5591..4a66454  master -> master

Matus@Rip MINGW64 ~/Work/edamOntology/pokk (master)
$
